// Jest Snapshot v1, https://goo.gl/fbAQLP

exports[`ItemListComponent snapshot 1`] = `
<app-item-list
  itemService={[Function Object]}
  nodes={[Function Array]}
>
  <div>
    <app-search>
      <mat-form-field>
        <input
          matinput=""
          placeholder="Search"
        />
      </mat-form-field>
    </app-search>
    <app-path>
      <mat-form-field>
        <input
          class="ng-untouched ng-pristine ng-valid"
          disabled=""
          matinput=""
          ng-reflect-is-disabled=""
          placeholder="Path"
        />
      </mat-form-field>
    </app-path>
    <div
      class="list"
    >
      
      <app-item
        ng-reflect-node="[object Object]"
      >
        
        <div
          class="item"
        >
          <span>
            item 1
          </span>
          
        </div>
      </app-item>
      <app-item
        ng-reflect-node="[object Object]"
      >
        
        <div
          class="item"
        >
          <span>
            item 2
          </span>
          
        </div>
      </app-item>
      <app-item
        ng-reflect-node="[object Object]"
      >
        
        <div
          class="item"
        >
          <span>
            item 3
          </span>
          
        </div>
      </app-item>
      <app-item
        ng-reflect-node="[object Object]"
      >
        
      </app-item>
    </div>
  </div>
</app-item-list>
`;

exports[`ItemListComponent snapshot 2`] = `
<app-item-list
  itemService={[Function Object]}
  nodes={[Function Array]}
>
  <div>
    <app-search>
      <mat-form-field>
        <input
          matinput=""
          placeholder="Search"
        />
      </mat-form-field>
    </app-search>
    <app-path>
      <mat-form-field>
        <input
          class="ng-untouched ng-pristine ng-valid"
          disabled=""
          matinput=""
          ng-reflect-is-disabled=""
          placeholder="Path"
        />
      </mat-form-field>
    </app-path>
    <div
      class="list"
    >
      
      <app-item
        ng-reflect-node="[object Object]"
      >
        
        <div
          class="item"
        >
          <span>
            item 1
          </span>
          
          <div>
            
            <app-item
              ng-reflect-node="[object Object]"
            >
              
              <div
                class="item"
              >
                <span>
                  item 1
                </span>
                
              </div>
            </app-item>
            <app-item
              ng-reflect-node="[object Object]"
            >
              
              <div
                class="item"
              >
                <span>
                  item 2
                </span>
                
              </div>
            </app-item>
            <app-item
              ng-reflect-node="[object Object]"
            >
              
              <div
                class="item"
              >
                <span>
                  item 3
                </span>
                
              </div>
            </app-item>
            <app-item
              ng-reflect-node="[object Object]"
            >
              
            </app-item>
          </div>
        </div>
      </app-item>
      <app-item
        ng-reflect-node="[object Object]"
      >
        
        <div
          class="item"
        >
          <span>
            item 1
          </span>
          
        </div>
      </app-item>
      <app-item
        ng-reflect-node="[object Object]"
      >
        
        <div
          class="item"
        >
          <span>
            item 2
          </span>
          
        </div>
      </app-item>
      <app-item
        ng-reflect-node="[object Object]"
      >
        
        <div
          class="item"
        >
          <span>
            item 3
          </span>
          
        </div>
      </app-item>
      <app-item
        ng-reflect-node="[object Object]"
      >
        
      </app-item>
    </div>
  </div>
</app-item-list>
`;
